MPLINK 4.38, Linker
Linker Map File - Created Thu Jun 20 11:48:40 2024

                                 Section Info
                  Section       Type    Address   Location Size(Bytes)
                ---------  ---------  ---------  ---------  ---------
                   .org_0       code   0x000000    program   0x000000
                   .org_1       code   0x000000    program   0x000420
.config_2007_INVERNADERO_V5_PWM_NOT0.O       code   0x002007    program   0x000002



                              Program Memory Usage 
                               Start         End      
                           ---------   ---------      
                            0x000000    0x00020f      
                            0x002007    0x002007      
            529 out of 8454 program addresses used, program memory utilization is 6%



                              Symbols - Sorted by Name
                     Name    Address   Location    Storage File                     
                ---------  ---------  ---------  --------- ---------                
                   AJUSTE   0x000072    program     static D:\UV\VI Semestre\Micros_Actualizado\Proyecto_Invernadero\Invernadero_V5_PWM_NoT0.asm
               AJUSTE_HUM   0x000075    program     static D:\UV\VI Semestre\Micros_Actualizado\Proyecto_Invernadero\Invernadero_V5_PWM_NoT0.asm
         Arit_DivideBit16   0x0000f4    program     static C:\Program Files (x86)\Microchip\MPASM Suite\ARIT.INC
        Arit_Divide_16Bit   0x0000ef    program     static C:\Program Files (x86)\Microchip\MPASM Suite\ARIT.INC
     Arit_Multiplica16Bit   0x0000de    program     static C:\Program Files (x86)\Microchip\MPASM Suite\ARIT.INC
      Arit_MultiplicaBit8   0x0000d0    program     static C:\Program Files (x86)\Microchip\MPASM Suite\ARIT.INC
    Arit_Multiplica_16Bit   0x0000d8    program     static C:\Program Files (x86)\Microchip\MPASM Suite\ARIT.INC
     Arit_Multiplica_8Bit   0x0000cb    program     static C:\Program Files (x86)\Microchip\MPASM Suite\ARIT.INC
Arit_Multiplicador_BitCero   0x0000e8    program     static C:\Program Files (x86)\Microchip\MPASM Suite\ARIT.INC
               Arit_Negar   0x0000bb    program     static C:\Program Files (x86)\Microchip\MPASM Suite\ARIT.INC
         Arit_Resta_16Bit   0x0000c3    program     static C:\Program Files (x86)\Microchip\MPASM Suite\ARIT.INC
          Arit_Suma_16Bit   0x0000c4    program     static C:\Program Files (x86)\Microchip\MPASM Suite\ARIT.INC
   BCD_IncrementaCentenas   0x00010e    program     static C:\Program Files (x86)\Microchip\MPASM Suite\BIN_BCD.INC
    BCD_IncrementaDecenas   0x000108    program     static C:\Program Files (x86)\Microchip\MPASM Suite\BIN_BCD.INC
              BCD_Resta10   0x000104    program     static C:\Program Files (x86)\Microchip\MPASM Suite\BIN_BCD.INC
              BIN_BCD_Fin   0x000111    program     static C:\Program Files (x86)\Microchip\MPASM Suite\BIN_BCD.INC
                BIN_a_BCD   0x000101    program     static C:\Program Files (x86)\Microchip\MPASM Suite\BIN_BCD.INC
              CALCULO_HUM   0x000061    program     static D:\UV\VI Semestre\Micros_Actualizado\Proyecto_Invernadero\Invernadero_V5_PWM_NoT0.asm
             CALCULO_TEMP   0x000052    program     static D:\UV\VI Semestre\Micros_Actualizado\Proyecto_Invernadero\Invernadero_V5_PWM_NoT0.asm
               CONVERSION   0x000019    program     static D:\UV\VI Semestre\Micros_Actualizado\Proyecto_Invernadero\Invernadero_V5_PWM_NoT0.asm
           CONVERSION_ADC   0x000083    program     static D:\UV\VI Semestre\Micros_Actualizado\Proyecto_Invernadero\Invernadero_V5_PWM_NoT0.asm
           DESBORDAMIENTO   0x0000b6    program     static D:\UV\VI Semestre\Micros_Actualizado\Proyecto_Invernadero\Invernadero_V5_PWM_NoT0.asm
              GUARDAR_HUM   0x000028    program     static D:\UV\VI Semestre\Micros_Actualizado\Proyecto_Invernadero\Invernadero_V5_PWM_NoT0.asm
             GUARDAR_TEMP   0x00001c    program     static D:\UV\VI Semestre\Micros_Actualizado\Proyecto_Invernadero\Invernadero_V5_PWM_NoT0.asm
                   INICIO   0x000003    program     static D:\UV\VI Semestre\Micros_Actualizado\Proyecto_Invernadero\Invernadero_V5_PWM_NoT0.asm
      LCD_2Lineas4Bits5x7   0x000182    program     static C:\Program Files (x86)\Microchip\MPASM Suite\LCD_4BIT_16F877_D_E.INC
                LCD_Borra   0x000180    program     static C:\Program Files (x86)\Microchip\MPASM Suite\LCD_4BIT_16F877_D_E.INC
                 LCD_Byte   0x0001b2    program     static C:\Program Files (x86)\Microchip\MPASM Suite\LCD_4BIT_16F877_D_E.INC
         LCD_ByteCompleto   0x0001b9    program     static C:\Program Files (x86)\Microchip\MPASM Suite\LCD_4BIT_16F877_D_E.INC
             LCD_Caracter   0x000185    program     static C:\Program Files (x86)\Microchip\MPASM Suite\LCD_4BIT_16F877_D_E.INC
          LCD_CodigoCGROM   0x00018f    program     static C:\Program Files (x86)\Microchip\MPASM Suite\LCD_4BIT_16F877_D_E.INC
           LCD_CursorIncr   0x00016c    program     static C:\Program Files (x86)\Microchip\MPASM Suite\LCD_4BIT_16F877_D_E.INC
            LCD_CursorOFF   0x00017e    program     static C:\Program Files (x86)\Microchip\MPASM Suite\LCD_4BIT_16F877_D_E.INC
             LCD_CursorON   0x00017c    program     static C:\Program Files (x86)\Microchip\MPASM Suite\LCD_4BIT_16F877_D_E.INC
   LCD_DosEspaciosBlancos   0x0001a9    program     static C:\Program Files (x86)\Microchip\MPASM Suite\LCD_4BIT_16F877_D_E.INC
        LCD_EnheMayuscula   0x000196    program     static C:\Program Files (x86)\Microchip\MPASM Suite\LCD_4BIT_16F877_D_E.INC
        LCD_EnheMinuscula   0x000190    program     static C:\Program Files (x86)\Microchip\MPASM Suite\LCD_4BIT_16F877_D_E.INC
                LCD_Envia   0x000187    program     static C:\Program Files (x86)\Microchip\MPASM Suite\LCD_4BIT_16F877_D_E.INC
         LCD_EnviaBlancos   0x0001ac    program     static C:\Program Files (x86)\Microchip\MPASM Suite\LCD_4BIT_16F877_D_E.INC
       LCD_EnviaByteLetra   0x0001c5    program     static C:\Program Files (x86)\Microchip\MPASM Suite\LCD_4BIT_16F877_D_E.INC
         LCD_EnviaComando   0x000183    program     static C:\Program Files (x86)\Microchip\MPASM Suite\LCD_4BIT_16F877_D_E.INC
      LCD_EnviaOtroBlanco   0x0001ad    program     static C:\Program Files (x86)\Microchip\MPASM Suite\LCD_4BIT_16F877_D_E.INC
         LCD_EsFinalLinea   0x00012c    program     static C:\Program Files (x86)\Microchip\MPASM Suite\LCD_MENS.INC
           LCD_EscribeLCD   0x000156    program     static C:\Program Files (x86)\Microchip\MPASM Suite\LCD_4BIT_16F877_D_E.INC
             LCD_FinCGROM   0x0001a3    program     static C:\Program Files (x86)\Microchip\MPASM Suite\LCD_4BIT_16F877_D_E.INC
           LCD_FinMensaje   0x000121    program     static C:\Program Files (x86)\Microchip\MPASM Suite\LCD_MENS.INC
        LCD_FinMovimiento   0x00013b    program     static C:\Program Files (x86)\Microchip\MPASM Suite\LCD_MENS.INC
   LCD_FinVisualizaDigito   0x0001c7    program     static C:\Program Files (x86)\Microchip\MPASM Suite\LCD_4BIT_16F877_D_E.INC
                LCD_Grado   0x00019d    program     static C:\Program Files (x86)\Microchip\MPASM Suite\LCD_4BIT_16F877_D_E.INC
           LCD_Inicializa   0x00013c    program     static C:\Program Files (x86)\Microchip\MPASM Suite\LCD_4BIT_16F877_D_E.INC
               LCD_Linea1   0x00016e    program     static C:\Program Files (x86)\Microchip\MPASM Suite\LCD_4BIT_16F877_D_E.INC
               LCD_Linea2   0x000170    program     static C:\Program Files (x86)\Microchip\MPASM Suite\LCD_4BIT_16F877_D_E.INC
        LCD_LineaEnBlanco   0x0001a5    program     static C:\Program Files (x86)\Microchip\MPASM Suite\LCD_4BIT_16F877_D_E.INC
              LCD_Mensaje   0x000114    program     static C:\Program Files (x86)\Microchip\MPASM Suite\LCD_MENS.INC
    LCD_MensajeMovimiento   0x000122    program     static C:\Program Files (x86)\Microchip\MPASM Suite\LCD_MENS.INC
               LCD_Nibble   0x0001bd    program     static C:\Program Files (x86)\Microchip\MPASM Suite\LCD_4BIT_16F877_D_E.INC
       LCD_NoEsFinalLinea   0x000131    program     static C:\Program Files (x86)\Microchip\MPASM Suite\LCD_MENS.INC
     LCD_NoUltimoCaracter   0x00011e    program     static C:\Program Files (x86)\Microchip\MPASM Suite\LCD_MENS.INC
    LCD_NoUltimoCaracter2   0x000137    program     static C:\Program Files (x86)\Microchip\MPASM Suite\LCD_MENS.INC
                  LCD_OFF   0x00017a    program     static C:\Program Files (x86)\Microchip\MPASM Suite\LCD_4BIT_16F877_D_E.INC
       LCD_PosicionLinea1   0x000176    program     static C:\Program Files (x86)\Microchip\MPASM Suite\LCD_4BIT_16F877_D_E.INC
       LCD_PosicionLinea2   0x000178    program     static C:\Program Files (x86)\Microchip\MPASM Suite\LCD_4BIT_16F877_D_E.INC
      LCD_PrimeraPosicion   0x000126    program     static C:\Program Files (x86)\Microchip\MPASM Suite\LCD_MENS.INC
  LCD_TresEspaciosBlancos   0x0001ab    program     static C:\Program Files (x86)\Microchip\MPASM Suite\LCD_4BIT_16F877_D_E.INC
      LCD_UnEspacioBlanco   0x0001a7    program     static C:\Program Files (x86)\Microchip\MPASM Suite\LCD_4BIT_16F877_D_E.INC
        LCD_VisualizaAlto   0x0001ba    program     static C:\Program Files (x86)\Microchip\MPASM Suite\LCD_4BIT_16F877_D_E.INC
        LCD_VisualizaBajo   0x0001bc    program     static C:\Program Files (x86)\Microchip\MPASM Suite\LCD_4BIT_16F877_D_E.INC
    LCD_VisualizaCaracter   0x000128    program     static C:\Program Files (x86)\Microchip\MPASM Suite\LCD_MENS.INC
LCD_VisualizaOtroCaracter   0x000118    program     static C:\Program Files (x86)\Microchip\MPASM Suite\LCD_MENS.INC
              LIMPIAR_PWM   0x0000ab    program     static D:\UV\VI Semestre\Micros_Actualizado\Proyecto_Invernadero\Invernadero_V5_PWM_NoT0.asm
               LIMPIA_REG   0x0000a2    program     static D:\UV\VI Semestre\Micros_Actualizado\Proyecto_Invernadero\Invernadero_V5_PWM_NoT0.asm
             LIMPIEZA_ADC   0x0000b1    program     static D:\UV\VI Semestre\Micros_Actualizado\Proyecto_Invernadero\Invernadero_V5_PWM_NoT0.asm
                       M0   0x000088    program     static D:\UV\VI Semestre\Micros_Actualizado\Proyecto_Invernadero\Invernadero_V5_PWM_NoT0.asm
                       M1   0x00008f    program     static D:\UV\VI Semestre\Micros_Actualizado\Proyecto_Invernadero\Invernadero_V5_PWM_NoT0.asm
                       M2   0x000099    program     static D:\UV\VI Semestre\Micros_Actualizado\Proyecto_Invernadero\Invernadero_V5_PWM_NoT0.asm
                       M3   0x00009b    program     static D:\UV\VI Semestre\Micros_Actualizado\Proyecto_Invernadero\Invernadero_V5_PWM_NoT0.asm
                 Mensajes   0x000087    program     static D:\UV\VI Semestre\Micros_Actualizado\Proyecto_Invernadero\Invernadero_V5_PWM_NoT0.asm
                      PWM   0x000011    program     static D:\UV\VI Semestre\Micros_Actualizado\Proyecto_Invernadero\Invernadero_V5_PWM_NoT0.asm
    R1Decima_BucleExterno   0x000206    program     static C:\Program Files (x86)\Microchip\MPASM Suite\RETARDOS.INC
   R1Decima_BucleExterno2   0x000204    program     static C:\Program Files (x86)\Microchip\MPASM Suite\RETARDOS.INC
    R1Decima_BucleInterno   0x000208    program     static C:\Program Files (x86)\Microchip\MPASM Suite\RETARDOS.INC
        R1ms_BucleExterno   0x0001f0    program     static C:\Program Files (x86)\Microchip\MPASM Suite\RETARDOS.INC
        R1ms_BucleInterno   0x0001f2    program     static C:\Program Files (x86)\Microchip\MPASM Suite\RETARDOS.INC
                RESULTADO   0x00007e    program     static D:\UV\VI Semestre\Micros_Actualizado\Proyecto_Invernadero\Invernadero_V5_PWM_NoT0.asm
            RETARDO_CARGA   0x00009d    program     static D:\UV\VI Semestre\Micros_Actualizado\Proyecto_Invernadero\Invernadero_V5_PWM_NoT0.asm
                  Retardo   0x00009f    program     static D:\UV\VI Semestre\Micros_Actualizado\Proyecto_Invernadero\Invernadero_V5_PWM_NoT0.asm
            RetardoMicros   0x0001dc    program     static C:\Program Files (x86)\Microchip\MPASM Suite\RETARDOS.INC
        Retardo_100micros   0x0001d6    program     static C:\Program Files (x86)\Microchip\MPASM Suite\RETARDOS.INC
            Retardo_100ms   0x0001e2    program     static C:\Program Files (x86)\Microchip\MPASM Suite\RETARDOS.INC
         Retardo_10micros   0x0001c8    program     static C:\Program Files (x86)\Microchip\MPASM Suite\RETARDOS.INC
             Retardo_10ms   0x0001e8    program     static C:\Program Files (x86)\Microchip\MPASM Suite\RETARDOS.INC
              Retardo_10s   0x0001fa    program     static C:\Program Files (x86)\Microchip\MPASM Suite\RETARDOS.INC
          Retardo_1Decima   0x000203    program     static C:\Program Files (x86)\Microchip\MPASM Suite\RETARDOS.INC
              Retardo_1ms   0x0001ee    program     static C:\Program Files (x86)\Microchip\MPASM Suite\RETARDOS.INC
               Retardo_1s   0x000200    program     static C:\Program Files (x86)\Microchip\MPASM Suite\RETARDOS.INC
        Retardo_200micros   0x0001d3    program     static C:\Program Files (x86)\Microchip\MPASM Suite\RETARDOS.INC
            Retardo_200ms   0x0001e0    program     static C:\Program Files (x86)\Microchip\MPASM Suite\RETARDOS.INC
         Retardo_20micros   0x0001db    program     static C:\Program Files (x86)\Microchip\MPASM Suite\RETARDOS.INC
             Retardo_20ms   0x0001e6    program     static C:\Program Files (x86)\Microchip\MPASM Suite\RETARDOS.INC
              Retardo_20s   0x0001f8    program     static C:\Program Files (x86)\Microchip\MPASM Suite\RETARDOS.INC
              Retardo_2ms   0x0001ec    program     static C:\Program Files (x86)\Microchip\MPASM Suite\RETARDOS.INC
               Retardo_2s   0x0001fe    program     static C:\Program Files (x86)\Microchip\MPASM Suite\RETARDOS.INC
          Retardo_4micros   0x0001cf    program     static C:\Program Files (x86)\Microchip\MPASM Suite\RETARDOS.INC
        Retardo_500micros   0x0001d0    program     static C:\Program Files (x86)\Microchip\MPASM Suite\RETARDOS.INC
            Retardo_500ms   0x000202    program     static C:\Program Files (x86)\Microchip\MPASM Suite\RETARDOS.INC
         Retardo_50micros   0x0001d8    program     static C:\Program Files (x86)\Microchip\MPASM Suite\RETARDOS.INC
             Retardo_50ms   0x0001e4    program     static C:\Program Files (x86)\Microchip\MPASM Suite\RETARDOS.INC
          Retardo_5micros   0x0001ce    program     static C:\Program Files (x86)\Microchip\MPASM Suite\RETARDOS.INC
              Retardo_5ms   0x0001ea    program     static C:\Program Files (x86)\Microchip\MPASM Suite\RETARDOS.INC
               Retardo_5s   0x0001fc    program     static C:\Program Files (x86)\Microchip\MPASM Suite\RETARDOS.INC
              Retardos_ms   0x0001ef    program     static C:\Program Files (x86)\Microchip\MPASM Suite\RETARDOS.INC
            Rmicros_Bucle   0x0001dd    program     static C:\Program Files (x86)\Microchip\MPASM Suite\RETARDOS.INC
             TIMR2_CONFIG   0x00000e    program     static D:\UV\VI Semestre\Micros_Actualizado\Proyecto_Invernadero\Invernadero_V5_PWM_NoT0.asm
         VISUALIZAR_DATOS   0x000032    program     static D:\UV\VI Semestre\Micros_Actualizado\Proyecto_Invernadero\Invernadero_V5_PWM_NoT0.asm



                              Symbols - Sorted by Address
                     Name    Address   Location    Storage File                     
                ---------  ---------  ---------  --------- ---------                
                   INICIO   0x000003    program     static D:\UV\VI Semestre\Micros_Actualizado\Proyecto_Invernadero\Invernadero_V5_PWM_NoT0.asm
             TIMR2_CONFIG   0x00000e    program     static D:\UV\VI Semestre\Micros_Actualizado\Proyecto_Invernadero\Invernadero_V5_PWM_NoT0.asm
                      PWM   0x000011    program     static D:\UV\VI Semestre\Micros_Actualizado\Proyecto_Invernadero\Invernadero_V5_PWM_NoT0.asm
               CONVERSION   0x000019    program     static D:\UV\VI Semestre\Micros_Actualizado\Proyecto_Invernadero\Invernadero_V5_PWM_NoT0.asm
             GUARDAR_TEMP   0x00001c    program     static D:\UV\VI Semestre\Micros_Actualizado\Proyecto_Invernadero\Invernadero_V5_PWM_NoT0.asm
              GUARDAR_HUM   0x000028    program     static D:\UV\VI Semestre\Micros_Actualizado\Proyecto_Invernadero\Invernadero_V5_PWM_NoT0.asm
         VISUALIZAR_DATOS   0x000032    program     static D:\UV\VI Semestre\Micros_Actualizado\Proyecto_Invernadero\Invernadero_V5_PWM_NoT0.asm
             CALCULO_TEMP   0x000052    program     static D:\UV\VI Semestre\Micros_Actualizado\Proyecto_Invernadero\Invernadero_V5_PWM_NoT0.asm
              CALCULO_HUM   0x000061    program     static D:\UV\VI Semestre\Micros_Actualizado\Proyecto_Invernadero\Invernadero_V5_PWM_NoT0.asm
                   AJUSTE   0x000072    program     static D:\UV\VI Semestre\Micros_Actualizado\Proyecto_Invernadero\Invernadero_V5_PWM_NoT0.asm
               AJUSTE_HUM   0x000075    program     static D:\UV\VI Semestre\Micros_Actualizado\Proyecto_Invernadero\Invernadero_V5_PWM_NoT0.asm
                RESULTADO   0x00007e    program     static D:\UV\VI Semestre\Micros_Actualizado\Proyecto_Invernadero\Invernadero_V5_PWM_NoT0.asm
           CONVERSION_ADC   0x000083    program     static D:\UV\VI Semestre\Micros_Actualizado\Proyecto_Invernadero\Invernadero_V5_PWM_NoT0.asm
                 Mensajes   0x000087    program     static D:\UV\VI Semestre\Micros_Actualizado\Proyecto_Invernadero\Invernadero_V5_PWM_NoT0.asm
                       M0   0x000088    program     static D:\UV\VI Semestre\Micros_Actualizado\Proyecto_Invernadero\Invernadero_V5_PWM_NoT0.asm
                       M1   0x00008f    program     static D:\UV\VI Semestre\Micros_Actualizado\Proyecto_Invernadero\Invernadero_V5_PWM_NoT0.asm
                       M2   0x000099    program     static D:\UV\VI Semestre\Micros_Actualizado\Proyecto_Invernadero\Invernadero_V5_PWM_NoT0.asm
                       M3   0x00009b    program     static D:\UV\VI Semestre\Micros_Actualizado\Proyecto_Invernadero\Invernadero_V5_PWM_NoT0.asm
            RETARDO_CARGA   0x00009d    program     static D:\UV\VI Semestre\Micros_Actualizado\Proyecto_Invernadero\Invernadero_V5_PWM_NoT0.asm
                  Retardo   0x00009f    program     static D:\UV\VI Semestre\Micros_Actualizado\Proyecto_Invernadero\Invernadero_V5_PWM_NoT0.asm
               LIMPIA_REG   0x0000a2    program     static D:\UV\VI Semestre\Micros_Actualizado\Proyecto_Invernadero\Invernadero_V5_PWM_NoT0.asm
              LIMPIAR_PWM   0x0000ab    program     static D:\UV\VI Semestre\Micros_Actualizado\Proyecto_Invernadero\Invernadero_V5_PWM_NoT0.asm
             LIMPIEZA_ADC   0x0000b1    program     static D:\UV\VI Semestre\Micros_Actualizado\Proyecto_Invernadero\Invernadero_V5_PWM_NoT0.asm
           DESBORDAMIENTO   0x0000b6    program     static D:\UV\VI Semestre\Micros_Actualizado\Proyecto_Invernadero\Invernadero_V5_PWM_NoT0.asm
               Arit_Negar   0x0000bb    program     static C:\Program Files (x86)\Microchip\MPASM Suite\ARIT.INC
         Arit_Resta_16Bit   0x0000c3    program     static C:\Program Files (x86)\Microchip\MPASM Suite\ARIT.INC
          Arit_Suma_16Bit   0x0000c4    program     static C:\Program Files (x86)\Microchip\MPASM Suite\ARIT.INC
     Arit_Multiplica_8Bit   0x0000cb    program     static C:\Program Files (x86)\Microchip\MPASM Suite\ARIT.INC
      Arit_MultiplicaBit8   0x0000d0    program     static C:\Program Files (x86)\Microchip\MPASM Suite\ARIT.INC
    Arit_Multiplica_16Bit   0x0000d8    program     static C:\Program Files (x86)\Microchip\MPASM Suite\ARIT.INC
     Arit_Multiplica16Bit   0x0000de    program     static C:\Program Files (x86)\Microchip\MPASM Suite\ARIT.INC
Arit_Multiplicador_BitCero   0x0000e8    program     static C:\Program Files (x86)\Microchip\MPASM Suite\ARIT.INC
        Arit_Divide_16Bit   0x0000ef    program     static C:\Program Files (x86)\Microchip\MPASM Suite\ARIT.INC
         Arit_DivideBit16   0x0000f4    program     static C:\Program Files (x86)\Microchip\MPASM Suite\ARIT.INC
                BIN_a_BCD   0x000101    program     static C:\Program Files (x86)\Microchip\MPASM Suite\BIN_BCD.INC
              BCD_Resta10   0x000104    program     static C:\Program Files (x86)\Microchip\MPASM Suite\BIN_BCD.INC
    BCD_IncrementaDecenas   0x000108    program     static C:\Program Files (x86)\Microchip\MPASM Suite\BIN_BCD.INC
   BCD_IncrementaCentenas   0x00010e    program     static C:\Program Files (x86)\Microchip\MPASM Suite\BIN_BCD.INC
              BIN_BCD_Fin   0x000111    program     static C:\Program Files (x86)\Microchip\MPASM Suite\BIN_BCD.INC
              LCD_Mensaje   0x000114    program     static C:\Program Files (x86)\Microchip\MPASM Suite\LCD_MENS.INC
LCD_VisualizaOtroCaracter   0x000118    program     static C:\Program Files (x86)\Microchip\MPASM Suite\LCD_MENS.INC
     LCD_NoUltimoCaracter   0x00011e    program     static C:\Program Files (x86)\Microchip\MPASM Suite\LCD_MENS.INC
           LCD_FinMensaje   0x000121    program     static C:\Program Files (x86)\Microchip\MPASM Suite\LCD_MENS.INC
    LCD_MensajeMovimiento   0x000122    program     static C:\Program Files (x86)\Microchip\MPASM Suite\LCD_MENS.INC
      LCD_PrimeraPosicion   0x000126    program     static C:\Program Files (x86)\Microchip\MPASM Suite\LCD_MENS.INC
    LCD_VisualizaCaracter   0x000128    program     static C:\Program Files (x86)\Microchip\MPASM Suite\LCD_MENS.INC
         LCD_EsFinalLinea   0x00012c    program     static C:\Program Files (x86)\Microchip\MPASM Suite\LCD_MENS.INC
       LCD_NoEsFinalLinea   0x000131    program     static C:\Program Files (x86)\Microchip\MPASM Suite\LCD_MENS.INC
    LCD_NoUltimoCaracter2   0x000137    program     static C:\Program Files (x86)\Microchip\MPASM Suite\LCD_MENS.INC
        LCD_FinMovimiento   0x00013b    program     static C:\Program Files (x86)\Microchip\MPASM Suite\LCD_MENS.INC
           LCD_Inicializa   0x00013c    program     static C:\Program Files (x86)\Microchip\MPASM Suite\LCD_4BIT_16F877_D_E.INC
           LCD_EscribeLCD   0x000156    program     static C:\Program Files (x86)\Microchip\MPASM Suite\LCD_4BIT_16F877_D_E.INC
           LCD_CursorIncr   0x00016c    program     static C:\Program Files (x86)\Microchip\MPASM Suite\LCD_4BIT_16F877_D_E.INC
               LCD_Linea1   0x00016e    program     static C:\Program Files (x86)\Microchip\MPASM Suite\LCD_4BIT_16F877_D_E.INC
               LCD_Linea2   0x000170    program     static C:\Program Files (x86)\Microchip\MPASM Suite\LCD_4BIT_16F877_D_E.INC
       LCD_PosicionLinea1   0x000176    program     static C:\Program Files (x86)\Microchip\MPASM Suite\LCD_4BIT_16F877_D_E.INC
       LCD_PosicionLinea2   0x000178    program     static C:\Program Files (x86)\Microchip\MPASM Suite\LCD_4BIT_16F877_D_E.INC
                  LCD_OFF   0x00017a    program     static C:\Program Files (x86)\Microchip\MPASM Suite\LCD_4BIT_16F877_D_E.INC
             LCD_CursorON   0x00017c    program     static C:\Program Files (x86)\Microchip\MPASM Suite\LCD_4BIT_16F877_D_E.INC
            LCD_CursorOFF   0x00017e    program     static C:\Program Files (x86)\Microchip\MPASM Suite\LCD_4BIT_16F877_D_E.INC
                LCD_Borra   0x000180    program     static C:\Program Files (x86)\Microchip\MPASM Suite\LCD_4BIT_16F877_D_E.INC
      LCD_2Lineas4Bits5x7   0x000182    program     static C:\Program Files (x86)\Microchip\MPASM Suite\LCD_4BIT_16F877_D_E.INC
         LCD_EnviaComando   0x000183    program     static C:\Program Files (x86)\Microchip\MPASM Suite\LCD_4BIT_16F877_D_E.INC
             LCD_Caracter   0x000185    program     static C:\Program Files (x86)\Microchip\MPASM Suite\LCD_4BIT_16F877_D_E.INC
                LCD_Envia   0x000187    program     static C:\Program Files (x86)\Microchip\MPASM Suite\LCD_4BIT_16F877_D_E.INC
          LCD_CodigoCGROM   0x00018f    program     static C:\Program Files (x86)\Microchip\MPASM Suite\LCD_4BIT_16F877_D_E.INC
        LCD_EnheMinuscula   0x000190    program     static C:\Program Files (x86)\Microchip\MPASM Suite\LCD_4BIT_16F877_D_E.INC
        LCD_EnheMayuscula   0x000196    program     static C:\Program Files (x86)\Microchip\MPASM Suite\LCD_4BIT_16F877_D_E.INC
                LCD_Grado   0x00019d    program     static C:\Program Files (x86)\Microchip\MPASM Suite\LCD_4BIT_16F877_D_E.INC
             LCD_FinCGROM   0x0001a3    program     static C:\Program Files (x86)\Microchip\MPASM Suite\LCD_4BIT_16F877_D_E.INC
        LCD_LineaEnBlanco   0x0001a5    program     static C:\Program Files (x86)\Microchip\MPASM Suite\LCD_4BIT_16F877_D_E.INC
      LCD_UnEspacioBlanco   0x0001a7    program     static C:\Program Files (x86)\Microchip\MPASM Suite\LCD_4BIT_16F877_D_E.INC
   LCD_DosEspaciosBlancos   0x0001a9    program     static C:\Program Files (x86)\Microchip\MPASM Suite\LCD_4BIT_16F877_D_E.INC
  LCD_TresEspaciosBlancos   0x0001ab    program     static C:\Program Files (x86)\Microchip\MPASM Suite\LCD_4BIT_16F877_D_E.INC
         LCD_EnviaBlancos   0x0001ac    program     static C:\Program Files (x86)\Microchip\MPASM Suite\LCD_4BIT_16F877_D_E.INC
      LCD_EnviaOtroBlanco   0x0001ad    program     static C:\Program Files (x86)\Microchip\MPASM Suite\LCD_4BIT_16F877_D_E.INC
                 LCD_Byte   0x0001b2    program     static C:\Program Files (x86)\Microchip\MPASM Suite\LCD_4BIT_16F877_D_E.INC
         LCD_ByteCompleto   0x0001b9    program     static C:\Program Files (x86)\Microchip\MPASM Suite\LCD_4BIT_16F877_D_E.INC
        LCD_VisualizaAlto   0x0001ba    program     static C:\Program Files (x86)\Microchip\MPASM Suite\LCD_4BIT_16F877_D_E.INC
        LCD_VisualizaBajo   0x0001bc    program     static C:\Program Files (x86)\Microchip\MPASM Suite\LCD_4BIT_16F877_D_E.INC
               LCD_Nibble   0x0001bd    program     static C:\Program Files (x86)\Microchip\MPASM Suite\LCD_4BIT_16F877_D_E.INC
       LCD_EnviaByteLetra   0x0001c5    program     static C:\Program Files (x86)\Microchip\MPASM Suite\LCD_4BIT_16F877_D_E.INC
   LCD_FinVisualizaDigito   0x0001c7    program     static C:\Program Files (x86)\Microchip\MPASM Suite\LCD_4BIT_16F877_D_E.INC
         Retardo_10micros   0x0001c8    program     static C:\Program Files (x86)\Microchip\MPASM Suite\RETARDOS.INC
          Retardo_5micros   0x0001ce    program     static C:\Program Files (x86)\Microchip\MPASM Suite\RETARDOS.INC
          Retardo_4micros   0x0001cf    program     static C:\Program Files (x86)\Microchip\MPASM Suite\RETARDOS.INC
        Retardo_500micros   0x0001d0    program     static C:\Program Files (x86)\Microchip\MPASM Suite\RETARDOS.INC
        Retardo_200micros   0x0001d3    program     static C:\Program Files (x86)\Microchip\MPASM Suite\RETARDOS.INC
        Retardo_100micros   0x0001d6    program     static C:\Program Files (x86)\Microchip\MPASM Suite\RETARDOS.INC
         Retardo_50micros   0x0001d8    program     static C:\Program Files (x86)\Microchip\MPASM Suite\RETARDOS.INC
         Retardo_20micros   0x0001db    program     static C:\Program Files (x86)\Microchip\MPASM Suite\RETARDOS.INC
            RetardoMicros   0x0001dc    program     static C:\Program Files (x86)\Microchip\MPASM Suite\RETARDOS.INC
            Rmicros_Bucle   0x0001dd    program     static C:\Program Files (x86)\Microchip\MPASM Suite\RETARDOS.INC
            Retardo_200ms   0x0001e0    program     static C:\Program Files (x86)\Microchip\MPASM Suite\RETARDOS.INC
            Retardo_100ms   0x0001e2    program     static C:\Program Files (x86)\Microchip\MPASM Suite\RETARDOS.INC
             Retardo_50ms   0x0001e4    program     static C:\Program Files (x86)\Microchip\MPASM Suite\RETARDOS.INC
             Retardo_20ms   0x0001e6    program     static C:\Program Files (x86)\Microchip\MPASM Suite\RETARDOS.INC
             Retardo_10ms   0x0001e8    program     static C:\Program Files (x86)\Microchip\MPASM Suite\RETARDOS.INC
              Retardo_5ms   0x0001ea    program     static C:\Program Files (x86)\Microchip\MPASM Suite\RETARDOS.INC
              Retardo_2ms   0x0001ec    program     static C:\Program Files (x86)\Microchip\MPASM Suite\RETARDOS.INC
              Retardo_1ms   0x0001ee    program     static C:\Program Files (x86)\Microchip\MPASM Suite\RETARDOS.INC
              Retardos_ms   0x0001ef    program     static C:\Program Files (x86)\Microchip\MPASM Suite\RETARDOS.INC
        R1ms_BucleExterno   0x0001f0    program     static C:\Program Files (x86)\Microchip\MPASM Suite\RETARDOS.INC
        R1ms_BucleInterno   0x0001f2    program     static C:\Program Files (x86)\Microchip\MPASM Suite\RETARDOS.INC
              Retardo_20s   0x0001f8    program     static C:\Program Files (x86)\Microchip\MPASM Suite\RETARDOS.INC
              Retardo_10s   0x0001fa    program     static C:\Program Files (x86)\Microchip\MPASM Suite\RETARDOS.INC
               Retardo_5s   0x0001fc    program     static C:\Program Files (x86)\Microchip\MPASM Suite\RETARDOS.INC
               Retardo_2s   0x0001fe    program     static C:\Program Files (x86)\Microchip\MPASM Suite\RETARDOS.INC
               Retardo_1s   0x000200    program     static C:\Program Files (x86)\Microchip\MPASM Suite\RETARDOS.INC
            Retardo_500ms   0x000202    program     static C:\Program Files (x86)\Microchip\MPASM Suite\RETARDOS.INC
          Retardo_1Decima   0x000203    program     static C:\Program Files (x86)\Microchip\MPASM Suite\RETARDOS.INC
   R1Decima_BucleExterno2   0x000204    program     static C:\Program Files (x86)\Microchip\MPASM Suite\RETARDOS.INC
    R1Decima_BucleExterno   0x000206    program     static C:\Program Files (x86)\Microchip\MPASM Suite\RETARDOS.INC
    R1Decima_BucleInterno   0x000208    program     static C:\Program Files (x86)\Microchip\MPASM Suite\RETARDOS.INC


